Archive member included because of file (symbol)

c:/program files (x86)/gnu tools arm embedded/4.7 2013q3/bin/../lib/gcc/arm-none-eabi/4.7.4/armv7e-m\libgcc.a(_arm_addsubdf3.o)
                              ..\obj\main.o (__aeabi_dadd)
c:/program files (x86)/gnu tools arm embedded/4.7 2013q3/bin/../lib/gcc/arm-none-eabi/4.7.4/armv7e-m\libgcc.a(_arm_cmpdf2.o)
                              ..\obj\main.o (__aeabi_dcmplt)

Discarded input sections

 .text          0x00000000        0x0 ..\obj\fonction_temporaire2.o
 .data          0x00000000        0x0 ..\obj\fonction_temporaire2.o
 .bss           0x00000000        0x0 ..\obj\fonction_temporaire2.o
 .text.RCC_Configuration2
                0x00000000       0x20 ..\obj\fonction_temporaire2.o
 .text.configuration_timer
                0x00000000       0x68 ..\obj\fonction_temporaire2.o
 .text.configuration_gpio
                0x00000000       0x64 ..\obj\fonction_temporaire2.o
 .debug_info    0x00000000      0x57d ..\obj\fonction_temporaire2.o
 .debug_abbrev  0x00000000      0x119 ..\obj\fonction_temporaire2.o
 .debug_loc     0x00000000       0x9c ..\obj\fonction_temporaire2.o
 .debug_aranges
                0x00000000       0x30 ..\obj\fonction_temporaire2.o
 .debug_ranges  0x00000000       0x20 ..\obj\fonction_temporaire2.o
 .debug_line    0x00000000      0x201 ..\obj\fonction_temporaire2.o
 .debug_str     0x00000000      0x46d ..\obj\fonction_temporaire2.o
 .comment       0x00000000       0x71 ..\obj\fonction_temporaire2.o
 .ARM.attributes
                0x00000000       0x33 ..\obj\fonction_temporaire2.o
 .debug_frame   0x00000000       0x6c ..\obj\fonction_temporaire2.o
 .text          0x00000000        0x0 ..\obj\startup_stm32f4xx.o
 .data          0x00000000        0x0 ..\obj\startup_stm32f4xx.o
 .bss           0x00000000        0x0 ..\obj\startup_stm32f4xx.o
 .text          0x00000000        0x0 ..\obj\main.o
 .data          0x00000000        0x0 ..\obj\main.o
 .bss           0x00000000        0x0 ..\obj\main.o
 .text.delay_long
                0x00000000       0x60 ..\obj\main.o
 .text          0x00000000        0x0 ..\obj\stm32f4xx_rcc.o
 .data          0x00000000       0x10 ..\obj\stm32f4xx_rcc.o
 .bss           0x00000000        0x0 ..\obj\stm32f4xx_rcc.o
 .text.RCC_DeInit
                0x00000000       0x84 ..\obj\stm32f4xx_rcc.o
 .text.RCC_HSEConfig
                0x00000000       0x30 ..\obj\stm32f4xx_rcc.o
 .text.RCC_WaitForHSEStartUp
                0x00000000       0x64 ..\obj\stm32f4xx_rcc.o
 .text.RCC_AdjustHSICalibrationValue
                0x00000000       0x48 ..\obj\stm32f4xx_rcc.o
 .text.RCC_HSICmd
                0x00000000       0x20 ..\obj\stm32f4xx_rcc.o
 .text.RCC_LSEConfig
                0x00000000       0x60 ..\obj\stm32f4xx_rcc.o
 .text.RCC_LSICmd
                0x00000000       0x20 ..\obj\stm32f4xx_rcc.o
 .text.RCC_PLLConfig
                0x00000000       0x48 ..\obj\stm32f4xx_rcc.o
 .text.RCC_PLLCmd
                0x00000000       0x20 ..\obj\stm32f4xx_rcc.o
 .text.RCC_PLLI2SConfig
                0x00000000       0x30 ..\obj\stm32f4xx_rcc.o
 .text.RCC_PLLI2SCmd
                0x00000000       0x20 ..\obj\stm32f4xx_rcc.o
 .text.RCC_ClockSecuritySystemCmd
                0x00000000       0x20 ..\obj\stm32f4xx_rcc.o
 .text.RCC_MCO1Config
                0x00000000       0x48 ..\obj\stm32f4xx_rcc.o
 .text.RCC_MCO2Config
                0x00000000       0x48 ..\obj\stm32f4xx_rcc.o
 .text.RCC_SYSCLKConfig
                0x00000000       0x40 ..\obj\stm32f4xx_rcc.o
 .text.RCC_GetSYSCLKSource
                0x00000000       0x20 ..\obj\stm32f4xx_rcc.o
 .text.RCC_HCLKConfig
                0x00000000       0x40 ..\obj\stm32f4xx_rcc.o
 .text.RCC_PCLK1Config
                0x00000000       0x40 ..\obj\stm32f4xx_rcc.o
 .text.RCC_PCLK2Config
                0x00000000       0x44 ..\obj\stm32f4xx_rcc.o
 .text.RCC_GetClocksFreq
                0x00000000      0x1cc ..\obj\stm32f4xx_rcc.o
 .text.RCC_RTCCLKConfig
                0x00000000       0x74 ..\obj\stm32f4xx_rcc.o
 .text.RCC_RTCCLKCmd
                0x00000000       0x20 ..\obj\stm32f4xx_rcc.o
 .text.RCC_BackupResetCmd
                0x00000000       0x20 ..\obj\stm32f4xx_rcc.o
 .text.RCC_I2SCLKConfig
                0x00000000       0x20 ..\obj\stm32f4xx_rcc.o
 .text.RCC_AHB2PeriphClockCmd
                0x00000000       0x54 ..\obj\stm32f4xx_rcc.o
 .text.RCC_AHB3PeriphClockCmd
                0x00000000       0x54 ..\obj\stm32f4xx_rcc.o
 .text.RCC_APB2PeriphClockCmd
                0x00000000       0x54 ..\obj\stm32f4xx_rcc.o
 .text.RCC_AHB1PeriphResetCmd
                0x00000000       0x54 ..\obj\stm32f4xx_rcc.o
 .text.RCC_AHB2PeriphResetCmd
                0x00000000       0x54 ..\obj\stm32f4xx_rcc.o
 .text.RCC_AHB3PeriphResetCmd
                0x00000000       0x54 ..\obj\stm32f4xx_rcc.o
 .text.RCC_APB1PeriphResetCmd
                0x00000000       0x54 ..\obj\stm32f4xx_rcc.o
 .text.RCC_APB2PeriphResetCmd
                0x00000000       0x54 ..\obj\stm32f4xx_rcc.o
 .text.RCC_AHB1PeriphClockLPModeCmd
                0x00000000       0x54 ..\obj\stm32f4xx_rcc.o
 .text.RCC_AHB2PeriphClockLPModeCmd
                0x00000000       0x54 ..\obj\stm32f4xx_rcc.o
 .text.RCC_AHB3PeriphClockLPModeCmd
                0x00000000       0x54 ..\obj\stm32f4xx_rcc.o
 .text.RCC_APB1PeriphClockLPModeCmd
                0x00000000       0x54 ..\obj\stm32f4xx_rcc.o
 .text.RCC_APB2PeriphClockLPModeCmd
                0x00000000       0x54 ..\obj\stm32f4xx_rcc.o
 .text.RCC_ITConfig
                0x00000000       0x60 ..\obj\stm32f4xx_rcc.o
 .text.RCC_GetFlagStatus
                0x00000000       0x90 ..\obj\stm32f4xx_rcc.o
 .text.RCC_ClearFlag
                0x00000000       0x24 ..\obj\stm32f4xx_rcc.o
 .text.RCC_GetITStatus
                0x00000000       0x40 ..\obj\stm32f4xx_rcc.o
 .text.RCC_ClearITPendingBit
                0x00000000       0x20 ..\obj\stm32f4xx_rcc.o
 .text          0x00000000        0x0 ..\obj\stm32f4xx_adc.o
 .data          0x00000000        0x0 ..\obj\stm32f4xx_adc.o
 .bss           0x00000000        0x0 ..\obj\stm32f4xx_adc.o
 .text.ADC_DeInit
                0x00000000       0x20 ..\obj\stm32f4xx_adc.o
 .text.ADC_Init
                0x00000000       0xb8 ..\obj\stm32f4xx_adc.o
 .text.ADC_StructInit
                0x00000000       0x4c ..\obj\stm32f4xx_adc.o
 .text.ADC_CommonInit
                0x00000000       0x5c ..\obj\stm32f4xx_adc.o
 .text.ADC_CommonStructInit
                0x00000000       0x34 ..\obj\stm32f4xx_adc.o
 .text.ADC_Cmd  0x00000000       0x38 ..\obj\stm32f4xx_adc.o
 .text.ADC_AnalogWatchdogCmd
                0x00000000       0x3c ..\obj\stm32f4xx_adc.o
 .text.ADC_AnalogWatchdogThresholdsConfig
                0x00000000       0x28 ..\obj\stm32f4xx_adc.o
 .text.ADC_AnalogWatchdogSingleChannelConfig
                0x00000000       0x38 ..\obj\stm32f4xx_adc.o
 .text.ADC_TempSensorVrefintCmd
                0x00000000       0x4c ..\obj\stm32f4xx_adc.o
 .text.ADC_VBATCmd
                0x00000000       0x4c ..\obj\stm32f4xx_adc.o
 .text.ADC_RegularChannelConfig
                0x00000000      0x1bc ..\obj\stm32f4xx_adc.o
 .text.ADC_SoftwareStartConv
                0x00000000       0x20 ..\obj\stm32f4xx_adc.o
 .text.ADC_GetSoftwareStartConvStatus
                0x00000000       0x38 ..\obj\stm32f4xx_adc.o
 .text.ADC_EOCOnEachRegularChannelCmd
                0x00000000       0x38 ..\obj\stm32f4xx_adc.o
 .text.ADC_ContinuousModeCmd
                0x00000000       0x38 ..\obj\stm32f4xx_adc.o
 .text.ADC_DiscModeChannelCountConfig
                0x00000000       0x4c ..\obj\stm32f4xx_adc.o
 .text.ADC_DiscModeCmd
                0x00000000       0x38 ..\obj\stm32f4xx_adc.o
 .text.ADC_GetConversionValue
                0x00000000       0x1c ..\obj\stm32f4xx_adc.o
 .text.ADC_GetMultiModeConversionValue
                0x00000000       0x18 ..\obj\stm32f4xx_adc.o
 .text.ADC_DMACmd
                0x00000000       0x38 ..\obj\stm32f4xx_adc.o
 .text.ADC_DMARequestAfterLastTransferCmd
                0x00000000       0x38 ..\obj\stm32f4xx_adc.o
 .text.ADC_MultiModeDMARequestAfterLastTransferCmd
                0x00000000       0x4c ..\obj\stm32f4xx_adc.o
 .text.ADC_InjectedChannelConfig
                0x00000000      0x144 ..\obj\stm32f4xx_adc.o
 .text.ADC_InjectedSequencerLengthConfig
                0x00000000       0x4c ..\obj\stm32f4xx_adc.o
 .text.ADC_SetInjectedOffset
                0x00000000       0x34 ..\obj\stm32f4xx_adc.o
 .text.ADC_ExternalTrigInjectedConvConfig
                0x00000000       0x38 ..\obj\stm32f4xx_adc.o
 .text.ADC_ExternalTrigInjectedConvEdgeConfig
                0x00000000       0x38 ..\obj\stm32f4xx_adc.o
 .text.ADC_SoftwareStartInjectedConv
                0x00000000       0x20 ..\obj\stm32f4xx_adc.o
 .text.ADC_GetSoftwareStartInjectedConvCmdStatus
                0x00000000       0x38 ..\obj\stm32f4xx_adc.o
 .text.ADC_AutoInjectedConvCmd
                0x00000000       0x38 ..\obj\stm32f4xx_adc.o
 .text.ADC_InjectedDiscModeCmd
                0x00000000       0x38 ..\obj\stm32f4xx_adc.o
 .text.ADC_GetInjectedConversionValue
                0x00000000       0x34 ..\obj\stm32f4xx_adc.o
 .text.ADC_ITConfig
                0x00000000       0x58 ..\obj\stm32f4xx_adc.o
 .text.ADC_GetFlagStatus
                0x00000000       0x3c ..\obj\stm32f4xx_adc.o
 .text.ADC_ClearFlag
                0x00000000       0x20 ..\obj\stm32f4xx_adc.o
 .text.ADC_GetITStatus
                0x00000000       0x6c ..\obj\stm32f4xx_adc.o
 .text.ADC_ClearITPendingBit
                0x00000000       0x30 ..\obj\stm32f4xx_adc.o
 .debug_info    0x00000000      0xd14 ..\obj\stm32f4xx_adc.o
 .debug_abbrev  0x00000000      0x198 ..\obj\stm32f4xx_adc.o
 .debug_loc     0x00000000      0x838 ..\obj\stm32f4xx_adc.o
 .debug_aranges
                0x00000000      0x148 ..\obj\stm32f4xx_adc.o
 .debug_ranges  0x00000000      0x138 ..\obj\stm32f4xx_adc.o
 .debug_line    0x00000000      0x51b ..\obj\stm32f4xx_adc.o
 .debug_str     0x00000000      0x7a4 ..\obj\stm32f4xx_adc.o
 .comment       0x00000000       0x71 ..\obj\stm32f4xx_adc.o
 .ARM.attributes
                0x00000000       0x33 ..\obj\stm32f4xx_adc.o
 .debug_frame   0x00000000      0x434 ..\obj\stm32f4xx_adc.o
 .text          0x00000000        0x0 ..\obj\driver_timer.o
 .data          0x00000000        0x0 ..\obj\driver_timer.o
 .bss           0x00000000        0x0 ..\obj\driver_timer.o
 .text          0x00000000        0x0 ..\obj\traitement.o
 .data          0x00000000        0x0 ..\obj\traitement.o
 .bss           0x00000000        0x0 ..\obj\traitement.o
 .debug_line    0x00000000        0x0 ..\obj\traitement.o
 .comment       0x00000000       0x71 ..\obj\traitement.o
 .ARM.attributes
                0x00000000       0x33 ..\obj\traitement.o
 .text          0x00000000        0x0 ..\obj\stm32f4xx_gpio.o
 .data          0x00000000        0x0 ..\obj\stm32f4xx_gpio.o
 .bss           0x00000000        0x0 ..\obj\stm32f4xx_gpio.o
 .text.GPIO_DeInit
                0x00000000      0x178 ..\obj\stm32f4xx_gpio.o
 .text.GPIO_StructInit
                0x00000000       0x3c ..\obj\stm32f4xx_gpio.o
 .text.GPIO_PinLockConfig
                0x00000000       0x44 ..\obj\stm32f4xx_gpio.o
 .text.GPIO_ReadInputDataBit
                0x00000000       0x3c ..\obj\stm32f4xx_gpio.o
 .text.GPIO_ReadInputData
                0x00000000       0x1c ..\obj\stm32f4xx_gpio.o
 .text.GPIO_ReadOutputDataBit
                0x00000000       0x3c ..\obj\stm32f4xx_gpio.o
 .text.GPIO_ReadOutputData
                0x00000000       0x1c ..\obj\stm32f4xx_gpio.o
 .text.GPIO_SetBits
                0x00000000       0x1c ..\obj\stm32f4xx_gpio.o
 .text.GPIO_ResetBits
                0x00000000       0x1c ..\obj\stm32f4xx_gpio.o
 .text.GPIO_WriteBit
                0x00000000       0x30 ..\obj\stm32f4xx_gpio.o
 .text.GPIO_Write
                0x00000000       0x1c ..\obj\stm32f4xx_gpio.o
 .text.GPIO_ToggleBits
                0x00000000       0x24 ..\obj\stm32f4xx_gpio.o
 .text          0x00000000        0x0 ..\obj\system_stm32f4xx.o
 .bss           0x00000000        0x0 ..\obj\system_stm32f4xx.o
 .text          0x00000000        0x0 ..\obj\fonction_temporaire.o
 .data          0x00000000        0x0 ..\obj\fonction_temporaire.o
 .bss           0x00000000        0x0 ..\obj\fonction_temporaire.o
 .text.RCC_Configuration
                0x00000000       0x20 ..\obj\fonction_temporaire.o
 .text.GPIO_Configuration
                0x00000000       0x50 ..\obj\fonction_temporaire.o
 .text.GPIO_SI  0x00000000       0x4c ..\obj\fonction_temporaire.o
 .text.TIM4_Configuration
                0x00000000       0xbc ..\obj\fonction_temporaire.o
 .debug_info    0x00000000      0x653 ..\obj\fonction_temporaire.o
 .debug_abbrev  0x00000000      0x12a ..\obj\fonction_temporaire.o
 .debug_loc     0x00000000       0xd4 ..\obj\fonction_temporaire.o
 .debug_aranges
                0x00000000       0x38 ..\obj\fonction_temporaire.o
 .debug_ranges  0x00000000       0x28 ..\obj\fonction_temporaire.o
 .debug_line    0x00000000      0x230 ..\obj\fonction_temporaire.o
 .debug_str     0x00000000      0x540 ..\obj\fonction_temporaire.o
 .comment       0x00000000       0x71 ..\obj\fonction_temporaire.o
 .ARM.attributes
                0x00000000       0x33 ..\obj\fonction_temporaire.o
 .debug_frame   0x00000000       0x8c ..\obj\fonction_temporaire.o
 .text          0x00000000        0x0 ..\obj\stm32f4xx_tim.o
 .data          0x00000000        0x0 ..\obj\stm32f4xx_tim.o
 .bss           0x00000000        0x0 ..\obj\stm32f4xx_tim.o
 .text.TIM_DeInit
                0x00000000      0x238 ..\obj\stm32f4xx_tim.o
 .text.TIM_TimeBaseStructInit
                0x00000000       0x3c ..\obj\stm32f4xx_tim.o
 .text.TIM_PrescalerConfig
                0x00000000       0x28 ..\obj\stm32f4xx_tim.o
 .text.TIM_CounterModeConfig
                0x00000000       0x38 ..\obj\stm32f4xx_tim.o
 .text.TIM_SetCounter
                0x00000000       0x1c ..\obj\stm32f4xx_tim.o
 .text.TIM_SetAutoreload
                0x00000000       0x1c ..\obj\stm32f4xx_tim.o
 .text.TIM_GetCounter
                0x00000000       0x18 ..\obj\stm32f4xx_tim.o
 .text.TIM_GetPrescaler
                0x00000000       0x1c ..\obj\stm32f4xx_tim.o
 .text.TIM_UpdateDisableConfig
                0x00000000       0x40 ..\obj\stm32f4xx_tim.o
 .text.TIM_UpdateRequestConfig
                0x00000000       0x40 ..\obj\stm32f4xx_tim.o
 .text.TIM_SelectOnePulseMode
                0x00000000       0x38 ..\obj\stm32f4xx_tim.o
 .text.TIM_SetClockDivision
                0x00000000       0x38 ..\obj\stm32f4xx_tim.o
 .text.TIM_OC2Init
                0x00000000      0x128 ..\obj\stm32f4xx_tim.o
 .text.TIM_OC3Init
                0x00000000      0x120 ..\obj\stm32f4xx_tim.o
 .text.TIM_OC4Init
                0x00000000       0xe0 ..\obj\stm32f4xx_tim.o
 .text.TIM_OCStructInit
                0x00000000       0x54 ..\obj\stm32f4xx_tim.o
 .text.TIM_SelectOCxM
                0x00000000       0xc0 ..\obj\stm32f4xx_tim.o
 .text.TIM_SetCompare1
                0x00000000       0x1c ..\obj\stm32f4xx_tim.o
 .text.TIM_SetCompare2
                0x00000000       0x1c ..\obj\stm32f4xx_tim.o
 .text.TIM_SetCompare3
                0x00000000       0x1c ..\obj\stm32f4xx_tim.o
 .text.TIM_SetCompare4
                0x00000000       0x1c ..\obj\stm32f4xx_tim.o
 .text.TIM_ForcedOC1Config
                0x00000000       0x38 ..\obj\stm32f4xx_tim.o
 .text.TIM_ForcedOC2Config
                0x00000000       0x40 ..\obj\stm32f4xx_tim.o
 .text.TIM_ForcedOC3Config
                0x00000000       0x38 ..\obj\stm32f4xx_tim.o
 .text.TIM_ForcedOC4Config
                0x00000000       0x40 ..\obj\stm32f4xx_tim.o
 .text.TIM_OC2PreloadConfig
                0x00000000       0x40 ..\obj\stm32f4xx_tim.o
 .text.TIM_OC3PreloadConfig
                0x00000000       0x38 ..\obj\stm32f4xx_tim.o
 .text.TIM_OC4PreloadConfig
                0x00000000       0x40 ..\obj\stm32f4xx_tim.o
 .text.TIM_OC1FastConfig
                0x00000000       0x38 ..\obj\stm32f4xx_tim.o
 .text.TIM_OC2FastConfig
                0x00000000       0x40 ..\obj\stm32f4xx_tim.o
 .text.TIM_OC3FastConfig
                0x00000000       0x38 ..\obj\stm32f4xx_tim.o
 .text.TIM_OC4FastConfig
                0x00000000       0x40 ..\obj\stm32f4xx_tim.o
 .text.TIM_ClearOC1Ref
                0x00000000       0x38 ..\obj\stm32f4xx_tim.o
 .text.TIM_ClearOC2Ref
                0x00000000       0x44 ..\obj\stm32f4xx_tim.o
 .text.TIM_ClearOC3Ref
                0x00000000       0x38 ..\obj\stm32f4xx_tim.o
 .text.TIM_ClearOC4Ref
                0x00000000       0x44 ..\obj\stm32f4xx_tim.o
 .text.TIM_OC1PolarityConfig
                0x00000000       0x38 ..\obj\stm32f4xx_tim.o
 .text.TIM_OC1NPolarityConfig
                0x00000000       0x38 ..\obj\stm32f4xx_tim.o
 .text.TIM_OC2PolarityConfig
                0x00000000       0x40 ..\obj\stm32f4xx_tim.o
 .text.TIM_OC2NPolarityConfig
                0x00000000       0x40 ..\obj\stm32f4xx_tim.o
 .text.TIM_OC3PolarityConfig
                0x00000000       0x40 ..\obj\stm32f4xx_tim.o
 .text.TIM_OC3NPolarityConfig
                0x00000000       0x40 ..\obj\stm32f4xx_tim.o
 .text.TIM_OC4PolarityConfig
                0x00000000       0x40 ..\obj\stm32f4xx_tim.o
 .text.TIM_CCxCmd
                0x00000000       0x5c ..\obj\stm32f4xx_tim.o
 .text.TIM_CCxNCmd
                0x00000000       0x5c ..\obj\stm32f4xx_tim.o
 .text.TIM_ICInit
                0x00000000       0xa8 ..\obj\stm32f4xx_tim.o
 .text.TIM_ICStructInit
                0x00000000       0x3c ..\obj\stm32f4xx_tim.o
 .text.TIM_PWMIConfig
                0x00000000       0xc4 ..\obj\stm32f4xx_tim.o
 .text.TIM_GetCapture1
                0x00000000       0x18 ..\obj\stm32f4xx_tim.o
 .text.TIM_GetCapture2
                0x00000000       0x18 ..\obj\stm32f4xx_tim.o
 .text.TIM_GetCapture3
                0x00000000       0x18 ..\obj\stm32f4xx_tim.o
 .text.TIM_GetCapture4
                0x00000000       0x18 ..\obj\stm32f4xx_tim.o
 .text.TIM_SetIC1Prescaler
                0x00000000       0x38 ..\obj\stm32f4xx_tim.o
 .text.TIM_SetIC2Prescaler
                0x00000000       0x3c ..\obj\stm32f4xx_tim.o
 .text.TIM_SetIC3Prescaler
                0x00000000       0x38 ..\obj\stm32f4xx_tim.o
 .text.TIM_SetIC4Prescaler
                0x00000000       0x3c ..\obj\stm32f4xx_tim.o
 .text.TIM_BDTRConfig
                0x00000000       0x50 ..\obj\stm32f4xx_tim.o
 .text.TIM_BDTRStructInit
                0x00000000       0x4c ..\obj\stm32f4xx_tim.o
 .text.TIM_CtrlPWMOutputs
                0x00000000       0x50 ..\obj\stm32f4xx_tim.o
 .text.TIM_SelectCOM
                0x00000000       0x40 ..\obj\stm32f4xx_tim.o
 .text.TIM_CCPreloadControl
                0x00000000       0x40 ..\obj\stm32f4xx_tim.o
 .text.TIM_ITConfig
                0x00000000       0x48 ..\obj\stm32f4xx_tim.o
 .text.TIM_GenerateEvent
                0x00000000       0x1c ..\obj\stm32f4xx_tim.o
 .text.TIM_GetFlagStatus
                0x00000000       0x40 ..\obj\stm32f4xx_tim.o
 .text.TIM_ClearFlag
                0x00000000       0x24 ..\obj\stm32f4xx_tim.o
 .text.TIM_GetITStatus
                0x00000000       0x60 ..\obj\stm32f4xx_tim.o
 .text.TIM_ClearITPendingBit
                0x00000000       0x24 ..\obj\stm32f4xx_tim.o
 .text.TIM_DMAConfig
                0x00000000       0x28 ..\obj\stm32f4xx_tim.o
 .text.TIM_DMACmd
                0x00000000       0x48 ..\obj\stm32f4xx_tim.o
 .text.TIM_SelectCCDMA
                0x00000000       0x40 ..\obj\stm32f4xx_tim.o
 .text.TIM_InternalClockConfig
                0x00000000       0x24 ..\obj\stm32f4xx_tim.o
 .text.TIM_ITRxExternalClockConfig
                0x00000000       0x30 ..\obj\stm32f4xx_tim.o
 .text.TIM_TIxExternalClockConfig
                0x00000000       0x58 ..\obj\stm32f4xx_tim.o
 .text.TIM_ETRClockMode1Config
                0x00000000       0x54 ..\obj\stm32f4xx_tim.o
 .text.TIM_ETRClockMode2Config
                0x00000000       0x34 ..\obj\stm32f4xx_tim.o
 .text.TIM_SelectInputTrigger
                0x00000000       0x38 ..\obj\stm32f4xx_tim.o
 .text.TIM_SelectOutputTrigger
                0x00000000       0x38 ..\obj\stm32f4xx_tim.o
 .text.TIM_SelectSlaveMode
                0x00000000       0x38 ..\obj\stm32f4xx_tim.o
 .text.TIM_SelectMasterSlaveMode
                0x00000000       0x38 ..\obj\stm32f4xx_tim.o
 .text.TIM_ETRConfig
                0x00000000       0x4c ..\obj\stm32f4xx_tim.o
 .text.TIM_EncoderInterfaceConfig
                0x00000000       0x94 ..\obj\stm32f4xx_tim.o
 .text.TIM_SelectHallSensor
                0x00000000       0x40 ..\obj\stm32f4xx_tim.o
 .text.TIM_RemapConfig
                0x00000000       0x20 ..\obj\stm32f4xx_tim.o
 .text.TI1_Config
                0x00000000       0x80 ..\obj\stm32f4xx_tim.o
 .text.TI2_Config
                0x00000000       0x9c ..\obj\stm32f4xx_tim.o
 .text.TI3_Config
                0x00000000       0x8c ..\obj\stm32f4xx_tim.o
 .text.TI4_Config
                0x00000000       0xa4 ..\obj\stm32f4xx_tim.o
 .text          0x00000000      0x370 c:/program files (x86)/gnu tools arm embedded/4.7 2013q3/bin/../lib/gcc/arm-none-eabi/4.7.4/armv7e-m\libgcc.a(_arm_addsubdf3.o)
 .data          0x00000000        0x0 c:/program files (x86)/gnu tools arm embedded/4.7 2013q3/bin/../lib/gcc/arm-none-eabi/4.7.4/armv7e-m\libgcc.a(_arm_addsubdf3.o)
 .bss           0x00000000        0x0 c:/program files (x86)/gnu tools arm embedded/4.7 2013q3/bin/../lib/gcc/arm-none-eabi/4.7.4/armv7e-m\libgcc.a(_arm_addsubdf3.o)
 .ARM.attributes
                0x00000000       0x1e c:/program files (x86)/gnu tools arm embedded/4.7 2013q3/bin/../lib/gcc/arm-none-eabi/4.7.4/armv7e-m\libgcc.a(_arm_addsubdf3.o)
 .text          0x00000000      0x110 c:/program files (x86)/gnu tools arm embedded/4.7 2013q3/bin/../lib/gcc/arm-none-eabi/4.7.4/armv7e-m\libgcc.a(_arm_cmpdf2.o)
 .data          0x00000000        0x0 c:/program files (x86)/gnu tools arm embedded/4.7 2013q3/bin/../lib/gcc/arm-none-eabi/4.7.4/armv7e-m\libgcc.a(_arm_cmpdf2.o)
 .bss           0x00000000        0x0 c:/program files (x86)/gnu tools arm embedded/4.7 2013q3/bin/../lib/gcc/arm-none-eabi/4.7.4/armv7e-m\libgcc.a(_arm_cmpdf2.o)
 .ARM.attributes
                0x00000000       0x1e c:/program files (x86)/gnu tools arm embedded/4.7 2013q3/bin/../lib/gcc/arm-none-eabi/4.7.4/armv7e-m\libgcc.a(_arm_cmpdf2.o)

Memory Configuration

Name             Origin             Length             Attributes
rom              0x08000000         0x00100000         xr
ram              0x20000000         0x00020000         xrw
ram1             0x10000000         0x00010000         xrw
*default*        0x00000000         0xffffffff

Linker script and memory map

                0x20020000                _eram = 0x20020000

.text           0x08000000      0xc64
 *(.isr_vector .isr_vector.*)
 .isr_vector    0x08000000      0x188 ..\obj\startup_stm32f4xx.o
                0x08000000                g_pfnVectors
 *(.text .text.* .gnu.linkonce.t.*)
 .text.Default_Reset_Handler
                0x08000188       0x6c ..\obj\startup_stm32f4xx.o
                0x08000188                Default_Reset_Handler
                0x08000188                Reset_Handler
 .text.Default_Handler
                0x080001f4        0x8 ..\obj\startup_stm32f4xx.o
                0x080001f4                RTC_Alarm_IRQHandler
                0x080001f4                HASH_RNG_IRQHandler
                0x080001f4                EXTI2_IRQHandler
                0x080001f4                TIM8_CC_IRQHandler
                0x080001f4                DebugMon_Handler
                0x080001f4                TIM1_CC_IRQHandler
                0x080001f4                DMA2_Stream5_IRQHandler
                0x080001f4                HardFault_Handler
                0x080001f4                DMA1_Stream5_IRQHandler
                0x080001f4                SysTick_Handler
                0x080001f4                PVD_IRQHandler
                0x080001f4                SDIO_IRQHandler
                0x080001f4                TAMP_STAMP_IRQHandler
                0x080001f4                PendSV_Handler
                0x080001f4                NMI_Handler
                0x080001f4                CAN2_RX1_IRQHandler
                0x080001f4                EXTI3_IRQHandler
                0x080001f4                TIM8_TRG_COM_TIM14_IRQHandler
                0x080001f4                TIM1_UP_TIM10_IRQHandler
                0x080001f4                TIM8_UP_TIM13_IRQHandler
                0x080001f4                I2C3_ER_IRQHandler
                0x080001f4                EXTI0_IRQHandler
                0x080001f4                I2C2_EV_IRQHandler
                0x080001f4                DMA1_Stream2_IRQHandler
                0x080001f4                CAN1_RX0_IRQHandler
                0x080001f4                FPU_IRQHandler
                0x080001f4                OTG_HS_WKUP_IRQHandler
                0x080001f4                UsageFault_Handler
                0x080001f4                CAN2_SCE_IRQHandler
                0x080001f4                DMA2_Stream2_IRQHandler
                0x080001f4                SPI1_IRQHandler
                0x080001f4                TIM6_DAC_IRQHandler
                0x080001f4                TIM1_BRK_TIM9_IRQHandler
                0x080001f4                DCMI_IRQHandler
                0x080001f4                CAN2_RX0_IRQHandler
                0x080001f4                DMA2_Stream3_IRQHandler
                0x080001f4                USART6_IRQHandler
                0x080001f4                USART3_IRQHandler
                0x080001f4                CRYP_IRQHandler
                0x080001f4                CAN1_RX1_IRQHandler
                0x080001f4                UART5_IRQHandler
                0x080001f4                DMA2_Stream0_IRQHandler
                0x080001f4                TIM4_IRQHandler
                0x080001f4                I2C1_EV_IRQHandler
                0x080001f4                DMA1_Stream6_IRQHandler
                0x080001f4                DMA1_Stream1_IRQHandler
                0x080001f4                UART4_IRQHandler
                0x080001f4                TIM3_IRQHandler
                0x080001f4                RCC_IRQHandler
                0x080001f4                TIM8_BRK_TIM12_IRQHandler
                0x080001f4                EXTI15_10_IRQHandler
                0x080001f4                ADC_IRQHandler
                0x080001f4                DMA1_Stream7_IRQHandler
                0x080001f4                TIM7_IRQHandler
                0x080001f4                CAN2_TX_IRQHandler
                0x080001f4                TIM5_IRQHandler
                0x080001f4                DMA2_Stream7_IRQHandler
                0x080001f4                I2C3_EV_IRQHandler
                0x080001f4                EXTI9_5_IRQHandler
                0x080001f4                RTC_WKUP_IRQHandler
                0x080001f4                ETH_WKUP_IRQHandler
                0x080001f4                SPI2_IRQHandler
                0x080001f4                OTG_HS_EP1_IN_IRQHandler
                0x080001f4                MemManage_Handler
                0x080001f4                DMA1_Stream0_IRQHandler
                0x080001f4                CAN1_TX_IRQHandler
                0x080001f4                SVC_Handler
                0x080001f4                EXTI4_IRQHandler
                0x080001f4                FSMC_IRQHandler
                0x080001f4                ETH_IRQHandler
                0x080001f4                OTG_HS_EP1_OUT_IRQHandler
                0x080001f4                WWDG_IRQHandler
                0x080001f4                TIM2_IRQHandler
                0x080001f4                OTG_FS_WKUP_IRQHandler
                0x080001f4                TIM1_TRG_COM_TIM11_IRQHandler
                0x080001f4                OTG_HS_IRQHandler
                0x080001f4                EXTI1_IRQHandler
                0x080001f4                USART2_IRQHandler
                0x080001f4                I2C2_ER_IRQHandler
                0x080001f4                DMA2_Stream1_IRQHandler
                0x080001f4                CAN1_SCE_IRQHandler
                0x080001f4                FLASH_IRQHandler
                0x080001f4                DMA2_Stream4_IRQHandler
                0x080001f4                BusFault_Handler
                0x080001f4                USART1_IRQHandler
                0x080001f4                OTG_FS_IRQHandler
                0x080001f4                SPI3_IRQHandler
                0x080001f4                DMA1_Stream4_IRQHandler
                0x080001f4                I2C1_ER_IRQHandler
                0x080001f4                DMA2_Stream6_IRQHandler
                0x080001f4                DMA1_Stream3_IRQHandler
 .text.main     0x080001fc       0xa4 ..\obj\main.o
                0x080001fc                main
 .text.RCC_AHB1PeriphClockCmd
                0x080002a0       0x54 ..\obj\stm32f4xx_rcc.o
                0x080002a0                RCC_AHB1PeriphClockCmd
 .text.RCC_APB1PeriphClockCmd
                0x080002f4       0x54 ..\obj\stm32f4xx_rcc.o
                0x080002f4                RCC_APB1PeriphClockCmd
 .text.InitGpioxTimer
                0x08000348       0x54 ..\obj\driver_timer.o
                0x08000348                InitGpioxTimer
 .text.InitTimer
                0x0800039c       0x3c ..\obj\driver_timer.o
                0x0800039c                InitTimer
 .text.InitPwm  0x080003d8       0x4c ..\obj\driver_timer.o
                0x080003d8                InitPwm
 .text.StartOrStopTimer
                0x08000424       0x20 ..\obj\driver_timer.o
                0x08000424                StartOrStopTimer
 .text.GPIO_Init
                0x08000444      0x144 ..\obj\stm32f4xx_gpio.o
                0x08000444                GPIO_Init
 .text.GPIO_PinAFConfig
                0x08000588       0xa8 ..\obj\stm32f4xx_gpio.o
                0x08000588                GPIO_PinAFConfig
 .text.SystemInit
                0x08000630       0x94 ..\obj\system_stm32f4xx.o
                0x08000630                SystemInit
 .text.SystemCoreClockUpdate
                0x080006c4      0x170 ..\obj\system_stm32f4xx.o
                0x080006c4                SystemCoreClockUpdate
 .text.SetSysClock
                0x08000834      0x188 ..\obj\system_stm32f4xx.o
 .text.TIM_TimeBaseInit
                0x080009bc       0xf4 ..\obj\stm32f4xx_tim.o
                0x080009bc                TIM_TimeBaseInit
 .text.TIM_ARRPreloadConfig
                0x08000ab0       0x40 ..\obj\stm32f4xx_tim.o
                0x08000ab0                TIM_ARRPreloadConfig
 .text.TIM_Cmd  0x08000af0       0x40 ..\obj\stm32f4xx_tim.o
                0x08000af0                TIM_Cmd
 .text.TIM_OC1Init
                0x08000b30       0xfc ..\obj\stm32f4xx_tim.o
                0x08000b30                TIM_OC1Init
 .text.TIM_OC1PreloadConfig
                0x08000c2c       0x38 ..\obj\stm32f4xx_tim.o
                0x08000c2c                TIM_OC1PreloadConfig
 *(.glue_7t)
 .glue_7t       0x00000000        0x0 linker stubs
 *(.glue_7)
 .glue_7        0x00000000        0x0 linker stubs
 *(.rodata .rodata* .gnu.linkonce.r.*)

.vfp11_veneer   0x08000c64        0x0
 .vfp11_veneer  0x00000000        0x0 linker stubs

.v4_bx          0x08000c64        0x0
 .v4_bx         0x00000000        0x0 linker stubs

.iplt           0x08000c64        0x0
 .iplt          0x00000000        0x0 ..\obj\fonction_temporaire2.o

.rel.dyn        0x08000c64        0x0
 .rel.iplt      0x00000000        0x0 ..\obj\fonction_temporaire2.o

.ARM.extab
 *(.ARM.extab* .gnu.linkonce.armextab.*)
                0x08000c64                __exidx_start = .

.ARM.exidx
 *(.ARM.exidx* .gnu.linkonce.armexidx.*)
                0x08000c64                __exidx_end = .
                0x08000c64                . = ALIGN (0x4)
                0x08000c64                _etext = .
                0x08000c64                _sidata = .

.data           0x20000000       0x14 load address 0x08000c64
                0x20000000                _sdata = .
 *(.data .data.*)
 .data          0x20000000       0x14 ..\obj\system_stm32f4xx.o
                0x20000000                SystemCoreClock
                0x20000004                AHBPrescTable
                0x20000014                . = ALIGN (0x4)
                0x20000014                _edata = .

.igot.plt       0x20000014        0x0 load address 0x08000c78
 .igot.plt      0x00000000        0x0 ..\obj\fonction_temporaire2.o

.bss            0x20000014        0x0
                0x20000014                _sbss = .
 *(.bss .bss.*)
 *(COMMON)
                0x20000014                . = ALIGN (0x4)
                0x20000014                _ebss = .

.co_stack       0x20000014      0x804 load address 0x08000c78
                0x20000018                . = ALIGN (0x8)
 *fill*         0x20000014        0x4 00
 *(.co_stack .co_stack.*)
 .co_stack      0x20000018      0x800 ..\obj\startup_stm32f4xx.o
                0x20000018                pulStack
                0x20000818                . = ALIGN (0x4)
                0x20000818                _end = .
LOAD ..\obj\fonction_temporaire2.o
LOAD ..\obj\startup_stm32f4xx.o
LOAD ..\obj\main.o
LOAD ..\obj\stm32f4xx_rcc.o
LOAD ..\obj\stm32f4xx_adc.o
LOAD ..\obj\driver_timer.o
LOAD ..\obj\traitement.o
LOAD ..\obj\stm32f4xx_gpio.o
LOAD ..\obj\system_stm32f4xx.o
LOAD ..\obj\fonction_temporaire.o
LOAD ..\obj\stm32f4xx_tim.o
START GROUP
LOAD c:/program files (x86)/gnu tools arm embedded/4.7 2013q3/bin/../lib/gcc/arm-none-eabi/4.7.4/armv7e-m\libgcc.a
LOAD c:/program files (x86)/gnu tools arm embedded/4.7 2013q3/bin/../lib/gcc/arm-none-eabi/4.7.4/../../../../arm-none-eabi/lib/armv7e-m\libg.a
LOAD c:/program files (x86)/gnu tools arm embedded/4.7 2013q3/bin/../lib/gcc/arm-none-eabi/4.7.4/../../../../arm-none-eabi/lib/armv7e-m\libc.a
END GROUP
OUTPUT(freescales.elf elf32-littlearm)

.debug_info     0x00000000     0x45fd
 .debug_info    0x00000000      0x103 ..\obj\startup_stm32f4xx.o
 .debug_info    0x00000103      0x5b8 ..\obj\main.o
 .debug_info    0x000006bb      0xd49 ..\obj\stm32f4xx_rcc.o
 .debug_info    0x00001404      0x747 ..\obj\driver_timer.o
 .debug_info    0x00001b4b      0x640 ..\obj\stm32f4xx_gpio.o
 .debug_info    0x0000218b      0x5f5 ..\obj\system_stm32f4xx.o
 .debug_info    0x00002780     0x1e7d ..\obj\stm32f4xx_tim.o

.debug_abbrev   0x00000000      0x95f
 .debug_abbrev  0x00000000       0xb2 ..\obj\startup_stm32f4xx.o
 .debug_abbrev  0x000000b2      0x149 ..\obj\main.o
 .debug_abbrev  0x000001fb      0x1e5 ..\obj\stm32f4xx_rcc.o
 .debug_abbrev  0x000003e0      0x119 ..\obj\driver_timer.o
 .debug_abbrev  0x000004f9      0x1a5 ..\obj\stm32f4xx_gpio.o
 .debug_abbrev  0x0000069e      0x138 ..\obj\system_stm32f4xx.o
 .debug_abbrev  0x000007d6      0x189 ..\obj\stm32f4xx_tim.o

.debug_loc      0x00000000     0x22fc
 .debug_loc     0x00000000       0x64 ..\obj\startup_stm32f4xx.o
 .debug_loc     0x00000064       0x70 ..\obj\main.o
 .debug_loc     0x000000d4      0x97c ..\obj\stm32f4xx_rcc.o
 .debug_loc     0x00000a50       0xe0 ..\obj\driver_timer.o
 .debug_loc     0x00000b30      0x310 ..\obj\stm32f4xx_gpio.o
 .debug_loc     0x00000e40       0x9c ..\obj\system_stm32f4xx.o
 .debug_loc     0x00000edc     0x1420 ..\obj\stm32f4xx_tim.o

.debug_aranges  0x00000000      0x5b0
 .debug_aranges
                0x00000000       0x28 ..\obj\startup_stm32f4xx.o
 .debug_aranges
                0x00000028       0x28 ..\obj\main.o
 .debug_aranges
                0x00000050      0x178 ..\obj\stm32f4xx_rcc.o
 .debug_aranges
                0x000001c8       0x38 ..\obj\driver_timer.o
 .debug_aranges
                0x00000200       0x88 ..\obj\stm32f4xx_gpio.o
 .debug_aranges
                0x00000288       0x30 ..\obj\system_stm32f4xx.o
 .debug_aranges
                0x000002b8      0x2f8 ..\obj\stm32f4xx_tim.o

.debug_ranges   0x00000000      0x540
 .debug_ranges  0x00000000       0x18 ..\obj\startup_stm32f4xx.o
 .debug_ranges  0x00000018       0x18 ..\obj\main.o
 .debug_ranges  0x00000030      0x168 ..\obj\stm32f4xx_rcc.o
 .debug_ranges  0x00000198       0x28 ..\obj\driver_timer.o
 .debug_ranges  0x000001c0       0x78 ..\obj\stm32f4xx_gpio.o
 .debug_ranges  0x00000238       0x20 ..\obj\system_stm32f4xx.o
 .debug_ranges  0x00000258      0x2e8 ..\obj\stm32f4xx_tim.o

.debug_line     0x00000000     0x1906
 .debug_line    0x00000000       0x9e ..\obj\startup_stm32f4xx.o
 .debug_line    0x0000009e      0x1ee ..\obj\main.o
 .debug_line    0x0000028c      0x562 ..\obj\stm32f4xx_rcc.o
 .debug_line    0x000007ee      0x21c ..\obj\driver_timer.o
 .debug_line    0x00000a0a      0x306 ..\obj\stm32f4xx_gpio.o
 .debug_line    0x00000d10      0x1b6 ..\obj\system_stm32f4xx.o
 .debug_line    0x00000ec6      0xa40 ..\obj\stm32f4xx_tim.o

.debug_str      0x00000000     0x1909
 .debug_str     0x00000000       0xff ..\obj\startup_stm32f4xx.o
                                0x111 (size before relaxing)
 .debug_str     0x000000ff      0x3cc ..\obj\main.o
                                0x464 (size before relaxing)
 .debug_str     0x000004cb      0x63e ..\obj\stm32f4xx_rcc.o
                                0x7f0 (size before relaxing)
 .debug_str     0x00000b09      0x172 ..\obj\driver_timer.o
                                0x587 (size before relaxing)
 .debug_str     0x00000c7b      0x183 ..\obj\stm32f4xx_gpio.o
                                0x443 (size before relaxing)
 .debug_str     0x00000dfe      0x115 ..\obj\system_stm32f4xx.o
                                0x34a (size before relaxing)
 .debug_str     0x00000f13      0x9f6 ..\obj\stm32f4xx_tim.o
                                0xd70 (size before relaxing)

.comment        0x00000000       0x70
 .comment       0x00000000       0x70 ..\obj\startup_stm32f4xx.o
                                 0x71 (size before relaxing)
 .comment       0x00000000       0x71 ..\obj\main.o
 .comment       0x00000000       0x71 ..\obj\stm32f4xx_rcc.o
 .comment       0x00000000       0x71 ..\obj\driver_timer.o
 .comment       0x00000000       0x71 ..\obj\stm32f4xx_gpio.o
 .comment       0x00000000       0x71 ..\obj\system_stm32f4xx.o
 .comment       0x00000000       0x71 ..\obj\stm32f4xx_tim.o

.ARM.attributes
                0x00000000       0x33
 .ARM.attributes
                0x00000000       0x33 ..\obj\startup_stm32f4xx.o
 .ARM.attributes
                0x00000033       0x33 ..\obj\main.o
 .ARM.attributes
                0x00000066       0x33 ..\obj\stm32f4xx_rcc.o
 .ARM.attributes
                0x00000099       0x33 ..\obj\driver_timer.o
 .ARM.attributes
                0x000000cc       0x33 ..\obj\stm32f4xx_gpio.o
 .ARM.attributes
                0x000000ff       0x33 ..\obj\system_stm32f4xx.o
 .ARM.attributes
                0x00000132       0x33 ..\obj\stm32f4xx_tim.o

.debug_frame    0x00000000     0x123c
 .debug_frame   0x00000000       0x48 ..\obj\startup_stm32f4xx.o
 .debug_frame   0x00000048       0x50 ..\obj\main.o
 .debug_frame   0x00000098      0x4d8 ..\obj\stm32f4xx_rcc.o
 .debug_frame   0x00000570       0x90 ..\obj\driver_timer.o
 .debug_frame   0x00000600      0x19c ..\obj\stm32f4xx_gpio.o
 .debug_frame   0x0000079c       0x64 ..\obj\system_stm32f4xx.o
 .debug_frame   0x00000800      0xa3c ..\obj\stm32f4xx_tim.o
